// Jest Snapshot v1, https://goo.gl/fbAQLP

exports[`Color Component matches the color thing 1`] = `
<dl>
  <dt>
    Name
  </dt>
  <dd>
    purple
  </dd>
  <dt>
    Hex
  </dt>
  <dd>
    #800080
  </dd>
  <dt>
    RGB
  </dt>
  <dd>
    128,0,128
  </dd>
</dl>
`;
