// Jest Snapshot v1, https://goo.gl/fbAQLP

exports[`Header Component matches a snapshot 1`] = `
<header>
  <h1>
    Ana Dog
  </h1>
</header>
`;
